---
source: meilisearch/tests/search/distinct.rs
---
{
  "uid": "[uid]",
  "indexUid": "tamo",
  "status": "succeeded",
  "type": "settingsUpdate",
  "canceledBy": null,
  "details": {
    "filterableAttributes": [
      "color.main"
    ]
  },
  "error": null,
  "duration": "[duration]",
  "enqueuedAt": "[date]",
  "startedAt": "[date]",
  "finishedAt": "[date]"
}
